= Compilación Cruzada del Kernel de Linux para la Raspberry Pi 3 =
Humberto de Jesus Flores Acuña

La compilación cruzada es una manera de construir una imagen de Linux para alguna arquitectura distinta a la del host. Por ejemplo, construir una imagen para la arquitectura **arm** en una máquina **x86_64**.
Se necesita una herramienta llamada comunmente *_Toolchain_*, la cual ayuda a la compilación para la arquitectura destino.

=== Creación del Toolchain (Fallido) ===

Mi idea al principio de la tarea era crear mi propia Toolchain, es decir, compilar las herramientas necesarias para su creación:

- [*] Binutils
- [*] Linux Headers
- [*] GCC
- [*] Glibc

Conforme a mi investigación, realicé un script que me ayudaba a la compilación e instalación de cada una y despues de muchas muchas pruebas, el script quedó de la siguiente manera.

```bash
#!/bin/bash

export PATH=/opt/cross/bin:$PATH
export PREFIX=/opt/cross
export TARGET=arm-none-eabi

# Prerequisitos
apt-get install g++ make gawk bison autoconf zlib1g-dev

wget http://ftp.gnu.org/gnu/binutils/binutils-2.26.tar.gz && \
tar xzvf binutils-2.26.tar.gz && \
mkdir binutils-build && cd binutils-build && \
../binutils-2.26/configure --target=$TARGET --prefix=$PREFIX --disable-multilib --disable-nls --disable-werror && \
make -j4 && \
make install && \
cd .. && \

wget https://cdn.kernel.org/pub/linux/kernel/v4.x/linux-4.5.4.tar.xz && \
tar xJvf linux-4.5.4.tar.xz && \
cd linux-4.5.4 && \
make headers_install ARCH=arm INSTALL_HDR_PATH=/opt/cross/arm-none-eabi && \
cd .. && \
```

```bash
wget http://mirrors-usa.go-parts.com/gcc/releases/gcc-6.1.0/gcc-6.1.0.tar.gz && \
tar xzvf gcc-6.1.0.tar.gz && \
cd gcc-6.1.0 && ./contrib/download_prerequisites && \
cd .. && mkdir gcc-build && cd gcc-build && \
../gcc-6.1.0/configure --target=$TARGET --prefix=$PREFIX --enable-languages=c --disable-nls --disable-werror --disable-multilib --disable-libssp && \
make -j4 && \
make install && \

wget http://ftp.gnu.org/gnu/glibc/glibc-2.23.tar.gz && \
tar xzvf glibc-2.23.tar.gz && \
mkdir glibc-build && cd glibc-build && \
export CC=$TARGET-gcc && \
../glibc-2.23/configure --target=$TARGET --prefix=$PREFIX --host=arm --build=$MACHTYPE --with-headers=$PREFIX/arm-none-eabi/include/ --disable-multilib libc_cv_forced_unwind=yes && \
make -j4 && \
make install
```

De alguna u otra manera fallaba, en este script solo mandaba error en la compilación de glibc. Pero aún no pierdo la esperanza y lo seguiré intentando.

=== Descarga de toolchain ===

Decepcionado de la vida, pasé a descargar el toolchain que provee Raspberry en su repositorio.

```bash
git clone https://github.com/raspberrypi/tools
```

Y lo inserté al path

```bash
export PATH=/home/jesus/Linux/tools/arm-bcm2708/gcc-linaro-arm-linux-gnueabihf-raspbian/bin:$PATH
```

=== Compilación del Kernel ===

La documentación de Raspberry es muy clara en esta parte, para la compilación del kernel seguí los siguientes pasos:

Descargué el linux que provee

```bash
git clone --depth=1 https://github.com/raspberrypi/linux
```

Para la creación del archivo .config se debe de hacer:

```bash
cd linux
KERNEL=kernel7
make ARCH=arm CROSS_COMPILE=arm-linux-gnueabihf- bcm2709_defconfig
```

Y para la compilación (se crea la imagen del kernel, los modulos y el device tree):

```bash
make ARCH=arm CROSS_COMPILE=arm-linux-gnueabihf- zImage modules dtbs
```

Se tardo al rededor de 20 min y no reportó error.

=== Instalación en Raspberry Pi 3 ===

Para la instalación, realicé los siguientes pasos:

Creación en la home de root de dos carpetas para el montaje de las particiones boot y root de la memoria flash

```bash
cd /root
mkdir debian boot
mount /dev/sdf1 boot/
mount /dev/sdf3 debian/
```

Instalación de módulos, imagen del kernel y device trees

```bash
cd /home/jesus/Linux/linux
make ARCH=arm CROSS_COMPILE=arm-linux-gnueabihf- INSTALL_MOD_PATH=/root/debian modules_install
scripts/mkknlimg arch/arm/boot/zImage /root/boot/kernel7.img
cp arch/arm/boot/dts/*.dtb /root/boot/
cp arch/arm/boot/dts/overlays/*.dtb* /root/boot/overlays/
cp arch/arm/boot/dts/overlays/README /root/boot/overlays/
```

Desmontaje de memoria flash

```bash
cd /root
umount boot/ debian/
```

=== Salida ===

Esta es la salida de mi raspberry con el nuevo kernel

```bash
[    0.000000] Booting Linux on physical CPU 0x0
[    0.000000] Initializing cgroup subsys cpuset
[    0.000000] Initializing cgroup subsys cpu
[    0.000000] Initializing cgroup subsys cpuacct
[    0.000000] Linux version 4.4.10-v7+ (jesus@trantor) (gcc version 4.8.3 20140303 (prerelease) (crosstool-NG linaro-1.13.1+bzr2650 - Linaro GCC 2014.03) ) #1 SMP Fri May 13 10:00:31 CDT 2016
[    0.000000] CPU: ARMv7 Processor [410fd034] revision 4 (ARMv7), cr=10c5383d
[    0.000000] CPU: PIPT / VIPT nonaliasing data cache, VIPT aliasing instruction cache
[    0.000000] Machine model: Raspberry Pi 3 Model B Rev 1.2
[    0.000000] cma: Reserved 8 MiB at 0x3a800000
[    0.000000] Memory policy: Data cache writealloc
[    0.000000] [bcm2709_smp_init_cpus] enter (9520->f3003010)
[    0.000000] [bcm2709_smp_init_cpus] ncores=4
[    0.000000] PERCPU: Embedded 13 pages/cpu @b9f62000 s22592 r8192 d22464 u53248
[    0.000000] Built 1 zonelists in Zone order, mobility grouping on.  Total pages: 239540
[    0.000000] Kernel command line: 8250.nr_uarts=1 dma.dmachans=0x7f35 bcm2708_fb.fbwidth=656 bcm2708_fb.fbheight=416 bcm2709.boardrev=0xa22082 bcm2709.serial=0xaac82b60 smsc95xx.macaddr=B8:27:EB:C8:2B:60 bcm2708_fb.fbswap=1 bcm2709.uart_clock=48000000 vc_mem.mem_base=0x3dc00000 vc_mem.mem_size=0x3f000000  dwc_otg.lpm_enable=0 console=ttyAMA0,115200 console=tty1 root=/dev/mmcblk0p3 rootfstype=ext4 elevator=deadline fsck.repair=yes rootwait
[    0.000000] PID hash table entries: 4096 (order: 2, 16384 bytes)
[    0.000000] Dentry cache hash table entries: 131072 (order: 7, 524288 bytes)
[    0.000000] Inode-cache hash table entries: 65536 (order: 6, 262144 bytes)
[    0.000000] Memory: 939172K/966656K available (6255K kernel code, 432K rwdata, 1712K rodata, 476K init, 764K bss, 19292K reserved, 8192K cma-reserved)
[    0.000000] Virtual kernel memory layout:
[    0.000000]     vector  : 0xffff0000 - 0xffff1000   (   4 kB)
[    0.000000]     fixmap  : 0xffc00000 - 0xfff00000   (3072 kB)
[    0.000000]     vmalloc : 0xbb800000 - 0xff800000   (1088 MB)
[    0.000000]     lowmem  : 0x80000000 - 0xbb000000   ( 944 MB)
[    0.000000]     modules : 0x7f000000 - 0x80000000   (  16 MB)
[    0.000000]       .text : 0x80008000 - 0x807d0230   (7969 kB)
[    0.000000]       .init : 0x807d1000 - 0x80848000   ( 476 kB)
[    0.000000]       .data : 0x80848000 - 0x808b40b8   ( 433 kB)
[    0.000000]        .bss : 0x808b7000 - 0x809761ac   ( 765 kB)
[    0.000000] SLUB: HWalign=64, Order=0-3, MinObjects=0, CPUs=4, Nodes=1
[    0.000000] Hierarchical RCU implementation.
[    0.000000] 	Build-time adjustment of leaf fanout to 32.
[    0.000000] NR_IRQS:16 nr_irqs:16 16
[    0.000000] Architected cp15 timer(s) running at 19.20MHz (phys).
[    0.000000] clocksource: arch_sys_counter: mask: 0xffffffffffffff max_cycles: 0x46d987e47, max_idle_ns: 440795202767 ns
[    0.000008] sched_clock: 56 bits at 19MHz, resolution 52ns, wraps every 4398046511078ns
[    0.000025] Switching to timer-based delay loop, resolution 52ns
[    0.000295] Console: colour dummy device 80x30
[    0.001385] console [tty1] enabled
[    0.001439] Calibrating delay loop (skipped), value calculated using timer frequency.. 38.40 BogoMIPS (lpj=192000)
[    0.001509] pid_max: default: 32768 minimum: 301
[    0.001830] Mount-cache hash table entries: 2048 (order: 1, 8192 bytes)
[    0.001875] Mountpoint-cache hash table entries: 2048 (order: 1, 8192 bytes)
[    0.002826] Disabling cpuset control group subsystem
[    0.002884] Initializing cgroup subsys io
[    0.002936] Initializing cgroup subsys memory
[    0.002999] Initializing cgroup subsys devices
[    0.003042] Initializing cgroup subsys freezer
[    0.003085] Initializing cgroup subsys net_cls
[    0.003157] CPU: Testing write buffer coherency: ok
[    0.003245] ftrace: allocating 21184 entries in 63 pages
[    0.053080] CPU0: update cpu_capacity 1024
[    0.053142] CPU0: thread -1, cpu 0, socket 0, mpidr 80000000
[    0.053175] [bcm2709_smp_prepare_cpus] enter
[    0.053325] Setting up static identity map for 0x8240 - 0x8274
[    0.055032] [bcm2709_boot_secondary] cpu:1 started (0) 17
[    0.055342] [bcm2709_secondary_init] enter cpu:1
[    0.055384] CPU1: update cpu_capacity 1024
[    0.055390] CPU1: thread -1, cpu 1, socket 0, mpidr 80000001
[    0.055774] [bcm2709_boot_secondary] cpu:2 started (0) 18
[    0.055981] [bcm2709_secondary_init] enter cpu:2
[    0.056002] CPU2: update cpu_capacity 1024
[    0.056009] CPU2: thread -1, cpu 2, socket 0, mpidr 80000002
[    0.056373] [bcm2709_boot_secondary] cpu:3 started (0) 17
[    0.056556] [bcm2709_secondary_init] enter cpu:3
[    0.056577] CPU3: update cpu_capacity 1024
[    0.056583] CPU3: thread -1, cpu 3, socket 0, mpidr 80000003
[    0.056645] Brought up 4 CPUs
[    0.056744] SMP: Total of 4 processors activated (153.60 BogoMIPS).
[    0.056774] CPU: All CPU(s) started in HYP mode.
[    0.056800] CPU: Virtualization extensions available.
[    0.057459] devtmpfs: initialized
[    0.067583] VFP support v0.3: implementor 41 architecture 3 part 40 variant 3 rev 4
[    0.067953] clocksource: jiffies: mask: 0xffffffff max_cycles: 0xffffffff, max_idle_ns: 19112604462750000 ns
[    0.068689] pinctrl core: initialized pinctrl subsystem
[    0.069266] NET: Registered protocol family 16
[    0.074401] DMA: preallocated 4096 KiB pool for atomic coherent allocations
[    0.081180] hw-breakpoint: found 5 (+1 reserved) breakpoint and 4 watchpoint registers.
[    0.081229] hw-breakpoint: maximum watchpoint size is 8 bytes.
[    0.081418] Serial: AMBA PL011 UART driver
[    0.081573] uart-pl011 3f201000.uart: could not find pctldev for node /soc/gpio@7e200000/uart0_pins, deferring probe
[    0.081786] bcm2835-mbox 3f00b880.mailbox: mailbox enabled
[    0.143747] bcm2835-dma 3f007000.dma: DMA legacy API manager at f3007000, dmachans=0x1
[    0.145461] SCSI subsystem initialized
[    0.145661] usbcore: registered new interface driver usbfs
[    0.145771] usbcore: registered new interface driver hub
[    0.145888] usbcore: registered new device driver usb
[    0.152625] raspberrypi-firmware soc:firmware: Attached to firmware from 2016-04-27 11:06
[    0.179853] clocksource: Switched to clocksource arch_sys_counter
[    0.222266] FS-Cache: Loaded
[    0.222576] CacheFiles: Loaded
[    0.234897] NET: Registered protocol family 2
[    0.235786] TCP established hash table entries: 8192 (order: 3, 32768 bytes)
[    0.235924] TCP bind hash table entries: 8192 (order: 4, 65536 bytes)
[    0.236135] TCP: Hash tables configured (established 8192 bind 8192)
[    0.236252] UDP hash table entries: 512 (order: 2, 16384 bytes)
[    0.236320] UDP-Lite hash table entries: 512 (order: 2, 16384 bytes)
[    0.236578] NET: Registered protocol family 1
[    0.236918] RPC: Registered named UNIX socket transport module.
[    0.236951] RPC: Registered udp transport module.
[    0.236979] RPC: Registered tcp transport module.
[    0.237006] RPC: Registered tcp NFSv4.1 backchannel transport module.
[    0.237987] hw perfevents: enabled with armv7_cortex_a7 PMU driver, 7 counters available
[    0.239378] futex hash table entries: 1024 (order: 4, 65536 bytes)
[    0.252782] VFS: Disk quotas dquot_6.6.0
[    0.253116] VFS: Dquot-cache hash table entries: 1024 (order 0, 4096 bytes)
[    0.255489] FS-Cache: Netfs 'nfs' registered for caching
[    0.256384] NFS: Registering the id_resolver key type
[    0.256464] Key type id_resolver registered
[    0.256493] Key type id_legacy registered
[    0.258754] Block layer SCSI generic (bsg) driver version 0.4 loaded (major 252)
[    0.258919] io scheduler noop registered
[    0.258958] io scheduler deadline registered (default)
[    0.259029] io scheduler cfq registered
[    0.261639] BCM2708FB: allocated DMA memory fac00000
[    0.261688] BCM2708FB: allocated DMA channel 0 @ f3007000
[    0.266861] Console: switching to colour frame buffer device 82x26
[    0.271438] Serial: 8250/16550 driver, 1 ports, IRQ sharing disabled
[    1.167056] bcm2835-rng 3f104000.rng: hwrng registered
[    1.168656] vc-cma: Videocore CMA driver
[    1.170114] vc-cma: vc_cma_base      = 0x00000000
[    1.171516] vc-cma: vc_cma_size      = 0x00000000 (0 MiB)
[    1.172852] vc-cma: vc_cma_initial   = 0x00000000 (0 MiB)
[    1.174375] vc-mem: phys_addr:0x00000000 mem_base=0x3dc00000 mem_size:0x3f000000(1008 MiB)
[    1.191853] brd: module loaded
[    1.201782] loop: module loaded
[    1.203906] vchiq: vchiq_init_state: slot_zero = 0xbac80000, is_master = 0
[    1.206599] Loading iSCSI transport class v2.0-870.
[    1.208534] usbcore: registered new interface driver smsc95xx
[    1.209905] dwc_otg: version 3.00a 10-AUG-2012 (platform bus)
[    1.411457] Core Release: 2.80a
[    1.412708] Setting default values for core params
[    1.414010] Finished setting default values for core params
[    1.615687] Using Buffer DMA mode
[    1.616981] Periodic Transfer Interrupt Enhancement - disabled
[    1.618340] Multiprocessor Interrupt Enhancement - disabled
[    1.619690] OTG VER PARAM: 0, OTG VER FLAG: 0
[    1.621058] Dedicated Tx FIFOs mode
[    1.622708] WARN::dwc_otg_hcd_init:1047: FIQ DMA bounce buffers: virt = 0xbac14000 dma = 0xfac14000 len=9024
[    1.625432] FIQ FSM acceleration enabled for :
[    1.625432] Non-periodic Split Transactions
[    1.625432] Periodic Split Transactions
[    1.625432] High-Speed Isochronous Endpoints
[    1.625432] Interrupt/Control Split Transaction hack enabled
[    1.632407] WARN::hcd_init_fiq:413: FIQ on core 1 at 0x80435ae4
[    1.633828] WARN::hcd_init_fiq:414: FIQ ASM at 0x80435e40 length 36
[    1.635212] WARN::hcd_init_fiq:439: MPHI regs_base at 0xbb922000
[    1.636610] dwc_otg 3f980000.usb: DWC OTG Controller
[    1.637972] dwc_otg 3f980000.usb: new USB bus registered, assigned bus number 1
[    1.639363] dwc_otg 3f980000.usb: irq 62, io mem 0x00000000
[    1.640760] Init: Port Power? op_state=1
[    1.642083] Init: Power Port (0)
[    1.643548] usb usb1: New USB device found, idVendor=1d6b, idProduct=0002
[    1.644900] usb usb1: New USB device strings: Mfr=3, Product=2, SerialNumber=1
[    1.646240] usb usb1: Product: DWC OTG Controller
[    1.647552] usb usb1: Manufacturer: Linux 4.4.10-v7+ dwc_otg_hcd
[    1.648876] usb usb1: SerialNumber: 3f980000.usb
[    1.650994] hub 1-0:1.0: USB hub found
[    1.652295] hub 1-0:1.0: 1 port detected
[    1.654403] usbcore: registered new interface driver usb-storage
[    1.655889] mousedev: PS/2 mouse device common for all mice
[    1.657849] bcm2835-cpufreq: min=600000 max=1200000
[    1.659401] sdhci: Secure Digital Host Controller Interface driver
[    1.660756] sdhci: Copyright(c) Pierre Ossman
[    1.662384] sdhost: log_buf @ bac13000 (fac13000)
[    1.739883] mmc0: sdhost-bcm2835 loaded - DMA enabled (>1)
[    1.743458] mmc-bcm2835 3f300000.mmc: mmc_debug:0 mmc_debug2:0
[    1.744799] mmc-bcm2835 3f300000.mmc: DMA channel allocated
[    1.797426] mmc0: host does not support reading read-only switch, assuming write-enable
[    1.799969] sdhci-pltfm: SDHCI platform and OF driver helper
[    1.800396] ledtrig-cpu: registered to indicate activity on CPUs
[    1.800512] hidraw: raw HID events driver (C) Jiri Kosina
[    1.800690] usbcore: registered new interface driver usbhid
[    1.800693] usbhid: USB HID core driver
[    1.801253] Initializing XFRM netlink socket
[    1.801276] NET: Registered protocol family 17
[    1.801401] Key type dns_resolver registered
[    1.801860] Registering SWP/SWPB emulation handler
[    1.802591] registered taskstats version 1
[    1.802787] vc-sm: Videocore shared memory driver
[    1.802796] [vc_sm_connected_init]: start
[    1.816798] [vc_sm_connected_init]: end - returning 0
[    1.818662] mmc0: new high speed SDHC card at address 0007
[    1.818777] 3f201000.uart: ttyAMA0 at MMIO 0x3f201000 (irq = 87, base_baud = 0) is a PL011 rev2
[    1.823177] mmcblk0: mmc0:0007 SD16G 14.5 GiB 
[    1.824735]  mmcblk0: p1 p2 p3 p4
[    1.843130] mmc1: queuing unknown CIS tuple 0x80 (2 bytes)
[    1.844681] mmc1: queuing unknown CIS tuple 0x80 (3 bytes)
[    1.846223] mmc1: queuing unknown CIS tuple 0x80 (3 bytes)
[    1.849000] mmc1: queuing unknown CIS tuple 0x80 (7 bytes)
[    1.849969] Indeed it is in host mode hprt0 = 00021501
[    1.938969] mmc1: new high speed SDIO card at address 0001
[    2.029889] usb 1-1: new high-speed USB device number 2 using dwc_otg
[    2.030020] Indeed it is in host mode hprt0 = 00001101
[    2.220162] usb 1-1: New USB device found, idVendor=0424, idProduct=9514
[    2.220171] usb 1-1: New USB device strings: Mfr=0, Product=0, SerialNumber=0
[    2.220879] hub 1-1:1.0: USB hub found
[    2.220969] hub 1-1:1.0: 5 ports detected
[    2.499881] usb 1-1.1: new high-speed USB device number 3 using dwc_otg
[    2.600136] usb 1-1.1: New USB device found, idVendor=0424, idProduct=ec00
[    2.600145] usb 1-1.1: New USB device strings: Mfr=0, Product=0, SerialNumber=0
[    2.602852] smsc95xx v1.0.4
[    2.663334] smsc95xx 1-1.1:1.0 eth0: register 'smsc95xx' at usb-3f980000.usb-1.1, smsc95xx USB 2.0 Ethernet, b8:27:eb:c8:2b:60
[    2.980934] console [ttyAMA0] enabled
[    2.986341] of_cfs_init
[    2.990190] of_cfs_init: OK
[    2.997893] EXT4-fs (mmcblk0p3): INFO: recovery required on readonly filesystem
[    3.006539] EXT4-fs (mmcblk0p3): write access will be enabled during recovery
[    4.698436] EXT4-fs (mmcblk0p3): recovery complete
[    4.709084] EXT4-fs (mmcblk0p3): mounted filesystem with ordered data mode. Opts: (null)
[    4.719735] VFS: Mounted root (ext4 filesystem) readonly on device 179:3.
[    4.728988] devtmpfs: mounted
[    4.733887] Freeing unused kernel memory: 476K (807d1000 - 80848000)
[    4.949094] random: systemd urandom read with 71 bits of entropy available
[    4.960691] systemd[1]: systemd 215 running in system mode. (+PAM +AUDIT +SELINUX +IMA +SYSVINIT +LIBCRYPTSETUP +GCRYPT +ACL +XZ -SECCOMP -APPARMOR)
[    4.977352] systemd[1]: Detected architecture 'arm'.
[    5.101029] NET: Registered protocol family 10
[    5.108454] systemd[1]: Inserted module 'ipv6'
[    5.115993] systemd[1]: Set hostname to <val>.
[    5.205397] uart-pl011 3f201000.uart: no DMA platform data
[    5.461792] systemd[1]: [/etc/systemd/system/fanController.service:7] Failed to parse usec_t value, ignoring: infinity
[    5.490075] systemd[1]: Cannot add dependency job for unit dbus.socket, ignoring: Unit dbus.socket failed to load: No such file or directory.
[    5.506102] systemd[1]: Cannot add dependency job for unit display-manager.service, ignoring: Unit display-manager.service failed to load: No such file or directory.
[    5.527960] systemd[1]: Starting Forward Password Requests to Wall Directory Watch.
[    5.539277] systemd[1]: Started Forward Password Requests to Wall Directory Watch.
[    5.550324] systemd[1]: Expecting device dev-ttyAMA0.device...
[    5.560034] systemd[1]: Starting Remote File Systems (Pre).
[    5.569368] systemd[1]: Reached target Remote File Systems (Pre).
[    5.577327] systemd[1]: Starting Encrypted Volumes.
[    5.586072] systemd[1]: Reached target Encrypted Volumes.
[    5.593430] systemd[1]: Starting Arbitrary Executable File Formats File System Automount Point.
[    5.608304] systemd[1]: Set up automount Arbitrary Executable File Formats File System Automount Point.
[    5.621429] systemd[1]: Starting Dispatch Password Requests to Console Directory Watch.
[    5.633249] systemd[1]: Started Dispatch Password Requests to Console Directory Watch.
[    5.644843] systemd[1]: Starting Paths.
[    5.652486] systemd[1]: Reached target Paths.
[    5.658580] systemd[1]: Starting Swap.
[    5.665902] systemd[1]: Reached target Swap.
[    5.671860] systemd[1]: Expecting device dev-mmcblk0p1.device...
[    5.681368] systemd[1]: Starting Root Slice.
[    5.689157] systemd[1]: Created slice Root Slice.
[    5.695624] systemd[1]: Starting User and Session Slice.
[    5.704508] systemd[1]: Created slice User and Session Slice.
[    5.711847] systemd[1]: Starting /dev/initctl Compatibility Named Pipe.
[    5.721897] systemd[1]: Listening on /dev/initctl Compatibility Named Pipe.
[    5.730420] systemd[1]: Starting Delayed Shutdown Socket.
[    5.739058] systemd[1]: Listening on Delayed Shutdown Socket.
[    5.746283] systemd[1]: Starting Journal Socket (/dev/log).
[    5.755091] systemd[1]: Listening on Journal Socket (/dev/log).
[    5.762544] systemd[1]: Starting udev Kernel Socket.
[    5.770769] systemd[1]: Listening on udev Kernel Socket.
[    5.777619] systemd[1]: Starting udev Control Socket.
[    5.785980] systemd[1]: Listening on udev Control Socket.
[    5.792941] systemd[1]: Starting Journal Socket.
[    5.800917] systemd[1]: Listening on Journal Socket.
[    5.807440] systemd[1]: Starting Sockets.
[    5.814610] systemd[1]: Reached target Sockets.
[    5.820636] systemd[1]: Starting System Slice.
[    5.828228] systemd[1]: Created slice System Slice.
[    5.834558] systemd[1]: Starting File System Check on Root Device...
[    5.870348] systemd[1]: Starting system-getty.slice.
[    5.878840] systemd[1]: Created slice system-getty.slice.
[    5.885823] systemd[1]: Starting system-serial\x2dgetty.slice.
[    5.895139] systemd[1]: Created slice system-serial\x2dgetty.slice.
[    5.902985] systemd[1]: Mounting POSIX Message Queue File System...
[    5.915194] systemd[1]: Starting Create list of required static device nodes for the current kernel...
[    5.932472] systemd[1]: Mounting Debug File System...
[    5.965001] systemd[1]: Started Set Up Additional Binary Formats.
[    5.975716] systemd[1]: Starting Load Kernel Modules...
[    5.986723] systemd[1]: Starting udev Coldplug all Devices...
[    5.999418] systemd[1]: Mounted Huge Pages File System.
[    6.006561] systemd[1]: Starting Journal Service...
[    6.020156] systemd[1]: Started Journal Service.
[    6.246894] EXT4-fs (mmcblk0p3): re-mounted. Opts: (null)
[    6.392487] systemd-udevd[132]: starting version 215
[    6.565704] bcm2835-wdt 3f100000.watchdog: Broadcom BCM2835 watchdog timer
[    6.617536] gpiomem-bcm2835 3f200000.gpiomem: Initialised: Registers at 0x3f200000
[    6.943351] brcmfmac: brcmf_sdio_drivestrengthinit: No SDIO Drive strength init done for chip 43430 rev 1 pmurev 24
[    6.957608] usbcore: registered new interface driver brcmfmac
[    7.051897] FAT-fs (mmcblk0p1): Volume was not properly unmounted. Some data may be corrupt. Please run fsck.
[    7.107191] brcmfmac: brcmf_c_preinit_dcmds: Firmware version = wl0: Dec 15 2015 18:10:45 version 7.45.41.23 (r606571) FWID 01-cc4eda9c
[    7.176856] brcmfmac: brcmf_cfg80211_reg_notifier: not a ISO3166 code
[    7.198536] systemd-journald[115]: Received request to flush runtime journal from PID 1
[    7.620927] brcmfmac: brcmf_add_if: ERROR: netdev:wlan0 already exists
[    7.629036] brcmfmac: brcmf_add_if: ignore IF event
[    7.637888] random: nonblocking pool is initialized
[    7.646892] IPv6: ADDRCONF(NETDEV_UP): wlan0: link is not ready
[    7.654643] brcmfmac: power management disabled
[    9.008207] IPv6: ADDRCONF(NETDEV_CHANGE): wlan0: link becomes ready

Debian GNU/Linux 8 val ttyAMA0

val login: root
Password: 
Last login: Thu Jan  1 00:00:21 UTC 1970 on ttyAMA0
Linux val 4.4.10-v7+ #1 SMP Fri May 13 10:00:31 CDT 2016 armv7l

The programs included with the Debian GNU/Linux system are free software;
the exact distribution terms for each program are described in the
individual files in /usr/share/doc/*/copyright.

Debian GNU/Linux comes with ABSOLUTELY NO WARRANTY, to the extent
permitted by applicable law.
root@val:~# uname -r
4.4.10-v7+
root@val:~# 
root@val:~#
```